// Jest Snapshot v1, https://goo.gl/fbAQLP

exports[`Pruebas en comp CounterApp debe mostar el <CounterApp /> correctamente 1`] = `
<Fragment>
  <h1>
    CounterApp
  </h1>
  <h1
    className="counter"
  >
    0
  </h1>
  <button
    className="contar"
    onClick={[Function]}
  >
    -1
  </button>
  <button
    onClick={[Function]}
  >
    Reset
  </button>
  <button
    className="contar"
    onClick={[Function]}
  >
    +1
  </button>
</Fragment>
`;
